 format  1  0

MONOMERS            
N_monomer           
                   2
kuhn                
    1.0000000000E+00    1.0000000000E+00

CHAINS              
N_chain             
                   1
N_block             
                   2
block_monomer       
                   1                   2
block_length        
    2.8000000022E-01    7.1999999978E-01

COMPOSITION         
ensemble            
                   0
phi_chain           
    1.0000000000E+00

INTERACTION         
interaction_type    
               'chi'
chi                 
    1.5000000000E+01

UNIT_CELL           
dim                 
                   3
crystal_system      
             'cubic'
N_cell_param        
                   1
cell_param          
    1.8454546572E+00

DISCRETIZATION      
ngrid               
                  20                  20                  20
chain_step          
    1.0000000000E-02

BASIS               
group_name          
          'I m -3 m'

ITERATE             
input_filename      
          'in.omega'
output_prefix       
              'out/'
max_itr             
                  20
error_max           
    1.0000000000E-08
domain              
                   T
itr_algo            
                'NR'
N_cut               
                 100

FINISH              

THERMO              
f_Helmholtz         
    2.0215571863E+00
f_homo              
    2.0240000015E+00
pressure            
    3.7689594485E+00
mu_chain            
    5.7905166348E+00
stress              
    6.7064704487E-11

STATISTICS          
N_star              
                 146
final_error         
    6.7064704487E-09
iterations          
                  16
basis_time          
    3.3400000000E+00
scf_time            
    5.4840000000E+00
